Line 1, col 4:
> 1 | 4 +
         ^
Expected "(", a function, a block, a list, an identifier, a struct, a map, a number, a literal string, a string, a boolean, "null", "-", "+", or "~"